ARRAY_VS_SINGLETON	CWE-119
BAD_ALLOC_ARITHMETIC	CWE-119
BAD_ALLOC_STRLEN	CWE-131
BAD_COMPARE	CWE-628
BAD_FREE	CWE-590
BAD_OVERRIDE	N/A
BAD_SIZEOF	CWE-467
BUFFER_SIZE	CWE-170
BUFFER_SIZE_WARNING	CWE-170
CHAR_IO	CWE-394
CHECKED_RETURN	CWE-252
CHROOT	CWE-243
CONSTANT_EXPRESSION_RESULT	CWE-569
CTOR_DTOR_LEAK	CWE-401
DEADCODE	CWE-561
DELETE_ARRAY	CWE-459
EVALUATION_ORDER	N/A
FORWARD_NULL	CWE-476
INFINITE_LOOP	N/A
INVALIDATE_ITERATOR	CWE-119
MISSING_BREAK	CWE-484
MISSING_RETURN	N/A
NEGATIVE_RETURNS	CWE-687
NO_EFFECT	CWE-665
NULL_RETURNS	CWE-476
OVERRUN_DYNAMIC	CWE-125
OVERRUN_STATIC	CWE-125
PASS_BY_VALUE	N/A
READLINK	CWE-170
RESOURCE_LEAK	CWE-404
RETURN_LOCAL	CWE-562
REVERSE_INULL	CWE-476
REVERSE_NEGATIVE	CWE-129
SECURE_TEMP	CWE-377
SIGN_EXTENSION	CWE-194
SIZECHECK	CWE-131
SIZEOF_MISMATCH	CWE-569
STRAY_SEMICOLON	CWE-398
STREAM_FORMAT_STATE	N/A
STRING_NULL	CWE-170
STRING_OVERFLOW	CWE-120
STRING_SIZE	CWE-170
TAINTED_SCALAR	CWE-20
TAINTED_STRING	CWE-20
TOCTOU	CWE-367
UNCAUGHT_EXCEPT	CWE-248
UNINIT	CWE-457
UNINIT_CTOR	CWE-457
UNREACHABLE	CWE-561
UNUSED_VALUE	CWE-563
USE_AFTER_FREE	CWE-416
VARARGS	CWE-234
WRAPPER_ESCAPE	CWE-416
